[2026-09-25T18:14:27.304Z] [INFO] [AUDIT] Disparando processarCotacaoFornecedor para cotacaoId=a114d5f3-ab48-4dca-aa2e-7f93d86253fe...
[2026-09-25T18:14:27.305Z] [INFO] [RPA ITEM LOG] CotacaoId: "a114d5f3-ab48-4dca-aa2e-7f93d86253fe" | Total de itens lidos do banco: 1
[2026-09-25T18:14:27.305Z] [INFO]   └─ Item 1: "Chave Inglesa 12 Brasfort" (Quantidade: 5)
[2026-09-25T18:14:27.351Z] [INFO] [2026-09-25T18:14:27.351Z] [RPA DIAGNOSTICO - CHECKPOINT 1: INÍCIO DA EXECUÇÃO] Início da cotação RPA | CotacaoId: "a114d5f3-ab48-4dca-aa2e-7f93d86253fe" | FornecedorId: "752e18bd-4f41-414a-8f66-0d8f538de99e" (Cofema) | RPA Config: cofema
[2026-09-25T18:14:27.351Z] [INFO] [PROGRESS] [Cofema] 🚀 Iniciando Motor Central de Cotação RPA (cofema)...
[2026-09-25T18:14:27.353Z] [INFO] [2026-09-25T18:14:27.353Z] [RPA CREDENCIAIS AUDITORIA] Fornecedor: "Cofema" (752e18bd-4f41-414a-8f66-0d8f538de99e) | Origem: Supabase DB (table fornecedores) | User: "43.313.798/0001-34" | PassLength: 11 | PassHashPrefix: 55402fc1f3
[2026-09-25T18:14:27.353Z] [INFO] [PROGRESS] [Cofema] 🔑 Autenticando e selecionando Filial B2B...
[2026-09-25T18:14:27.530Z] [INFO] [2026-09-25T18:14:27.529Z] [QuoteEngine realizarLogin] Fornecedor: "Cofema Atacadista" | User: "43.313.798/0001-34" | PassLength: 11 | PassHashPrefix: 55402fc1f3
[2026-09-25T18:14:27.530Z] [INFO] [2026-09-25T18:14:27.529Z] [RPA DIAGNOSTICO - CHECKPOINT 2a: NAVEGAÇÃO] Navegando para URL inicial de Cofema Atacadista: https://www.cofema.com.br/
[2026-09-25T18:14:27.530Z] [INFO] [2026-09-25T18:14:27.530Z] [CofemaExtractor] Executando login B2B Cofema (43.313.798/0001-34)...
[2026-09-25T18:14:41.333Z] [INFO] [2026-09-25T18:14:41.333Z] [CofemaExtractor] Login B2B concluído com sucesso.
[2026-09-25T18:14:41.334Z] [INFO] [2026-09-25T18:14:41.334Z] [CofemaExtractor] Executando higiene/reset do carrinho B2B...
[2026-09-25T18:14:47.262Z] [INFO] [CofemaExtractor RESET] Removendo item residual 1...
[2026-09-25T18:14:50.353Z] [INFO] [CofemaExtractor RESET] Removendo item residual 2...
[2026-09-25T18:14:53.440Z] [INFO] [CofemaExtractor RESET] Removendo item residual 3...
[2026-09-25T18:14:56.526Z] [INFO] [CofemaExtractor RESET] Removendo item residual 4...
[2026-09-25T18:14:59.624Z] [INFO] [CofemaExtractor RESET] Removendo item residual 5...
[2026-09-25T18:15:02.720Z] [INFO] [CofemaExtractor RESET] Removendo item residual 6...
[2026-09-25T18:15:05.791Z] [INFO] [CofemaExtractor RESET] Removendo item residual 7...
[2026-09-25T18:15:08.890Z] [INFO] [CofemaExtractor RESET] Removendo item residual 8...
[2026-09-25T18:15:11.986Z] [INFO] [CofemaExtractor RESET] Removendo item residual 9...
[2026-09-25T18:15:15.101Z] [INFO] [CofemaExtractor RESET] Removendo item residual 10...
[2026-09-25T18:15:18.172Z] [INFO] [2026-09-25T18:15:18.172Z] [CofemaExtractor] Extraindo carrinho ativo da página /page/pedidos e modal Detalhes do Pedido...
[2026-09-25T18:15:27.457Z] [INFO] [CofemaExtractor] 0 item(ns) extraído(s) do modal Detalhes do Pedido em /page/pedidos. Total: R$ 0.00
[2026-09-25T18:15:27.457Z] [INFO] [2026-09-25T18:15:27.457Z] [CofemaExtractor] ✅ carrinho verificado como vazio: 0 itens
[2026-09-25T18:15:28.481Z] [INFO] [PROGRESS] [Cofema] 🔍 Cotando e ajustando quantidade em lote: Chave Inglesa 12 Brasfort...
[2026-09-25T18:15:29.498Z] [INFO] [CofemaExtractor] Buscando item: "Chave Inglesa 12" (marca esperada: "qualquer")
[2026-09-25T18:15:34.363Z] [INFO] [CofemaExtractor ✅ ADD TO CART LOG] Adicionando ao carrinho CARD CONFIRMADO: "CHAVE INGLESA BRASFORT CROMADA 12 8220" (SKU: 296503, Qtd: 5, Preço Unit: R$ 69.70)
[2026-09-25T18:15:38.444Z] [INFO] [PROGRESS] [Cofema] 🛒 Lendo dados do carrinho (itemContainer por itemContainer)...
[2026-09-25T18:15:38.444Z] [INFO] [2026-09-25T18:15:38.444Z] [CofemaExtractor] Extraindo carrinho ativo da página /page/pedidos e modal Detalhes do Pedido...
[2026-09-25T18:15:47.668Z] [INFO] [CofemaExtractor] 2 item(ns) extraído(s) do modal Detalhes do Pedido em /page/pedidos. Total: R$ 348.50
[2026-09-25T18:15:47.668Z] [INFO] [PROGRESS] [Cofema] 📦 Par extraído do carrinho real: "CHAVE INGLESA BRASFORT CROMADA 15 8221" ➔ Qtd: 5 un | Preço Unitário: R$ 69.70 (Total Item: R$ 348.50)
[2026-09-25T18:15:47.668Z] [INFO] [PROGRESS] [Cofema] 📊 Resumo do Pedido: Total Itens: R$ 2.00 | Despesas: R$ 0.00 | Total Pedido: R$ 348.50
[2026-09-25T18:15:47.668Z] [INFO] [PROGRESS] [Cofema] 🔗 Link direto do carrinho montado: https://www.cofema.com.br/page/pedidos
[2026-09-25T18:15:47.668Z] [INFO] 💾 [DB SESSION SAVE ATTEMPT] cotacaoId: "a114d5f3-ab48-4dca-aa2e-7f93d86253fe" | fornecedorId: "752e18bd-4f41-414a-8f66-0d8f538de99e" | cacheKey: "a114d5f3-ab48-4dca-aa2e-7f93d86253fe_752e18bd-4f41-414a-8f66-0d8f538de99e" | sessionId: "https://www.cofema.com.br/page/pedidos"
[2026-09-25T18:15:47.805Z] [INFO] ✅ [SUPABASE SUCCESS UPSERT] Sessão https://www.cofema.com.br/page/pedidos salva em cotacao_fornecedor_sessoes para a114d5f3-ab48-4dca-aa2e-7f93d86253fe / 752e18bd-4f41-414a-8f66-0d8f538de99e!
[2026-09-25T18:15:48.215Z] [INFO] [2026-09-25T18:15:48.215Z] [RPA DIAGNOSTICO - CHECKPOINT 9: BANCO CONCLUÍDO] Gravação no banco de dados concluída para cotação "a114d5f3-ab48-4dca-aa2e-7f93d86253fe" (1 item(ns) salvos).
[2026-09-25T18:15:48.215Z] [INFO] [PROGRESS] [Cofema] ✅ Cotação concluída no fornecedor! Total Geral: R$ 348.50
[2026-09-25T18:15:48.323Z] [INFO] === RESULTADO FINAL DO PROCESSAMENTO ===
[2026-09-25T18:15:48.323Z] [INFO] {
  "cotacaoId": "a114d5f3-ab48-4dca-aa2e-7f93d86253fe",
  "fornecedorId": "752e18bd-4f41-414a-8f66-0d8f538de99e",
  "fornecedorNome": "Cofema",
  "sucesso": true,
  "tempoTotalMs": 80910,
  "itensProcessados": [
    {
      "itemPedido": "Chave Inglesa 12 Brasfort",
      "status": "CONFIRMADO",
      "confianca": 95,
      "produtoEncontrado": "CHAVE INGLESA BRASFORT CROMADA 15 8221",
      "preco": 69.7,
      "quantidade": 5,
      "fornecedorId": "752e18bd-4f41-414a-8f66-0d8f538de99e"
    }
  ]
}
